conda.exe : 
所在位置 C:\Users\qingz\a
naconda3\shell\condab
in\Conda.psm1:153 字符:
 17
+ ...             & $
Env:CONDA_EXE $Env:_C
E_M $Env:_CE_CONDA $C
ommand @Othe ...
+                 ~~~
~~~~~~~~~~~~~~~~~~~~~
~~~~~~~~~~~~~~~~~~~~~
~~~~~~~~~~~~
    + CategoryInfo   
           : NotSpe  
  cified: (:String   
 ) [], RemoteExce    
ption
    + FullyQualified 
   ErrorId : Native  
  CommandError
 
# >>>>>>>>>>>>>>>>>>>
>>> ERROR REPORT <<<<
<<<<<<<<<<<<<<<<<<

    Traceback (most r
ecent call last):
      File "C:\Users\
qingz\anaconda3\Lib\s
ite-packages\conda\ex
ception_handler.py", 
line 28, in __call__
        return func(*
args, **kwargs)
      File "C:\Users\
qingz\anaconda3\Lib\s
ite-packages\conda\cl
i\main.py", line 61, 
in main_subshell
        exit_code = d
o_call(args, parser)
      File "C:\Users\
qingz\anaconda3\Lib\s
ite-packages\conda\cl
i\conda_argparse.py",
 line 206, in do_call
        result = geta
ttr(module, func_name
)(args, parser)
      File "C:\Users\
qingz\anaconda3\Lib\s
ite-packages\conda\cl
i\main_run.py", line 
120, in execute
        print(respons
e.stdout, file=sys.st
dout)
        ~~~~~^^^^^^^^
^^^^^^^^^^^^^^^^^^^^^
^^^^^
    UnicodeEncodeErro
r: 'gbk' codec can't 
encode character '\uf
ffd' in position 33: 
illegal multibyte seq
uence

`$ C:\Users\qingz\ana
conda3\Scripts\conda-
script.py run -n pyto
rch python test_qe_ma
nual.py`

  environment variabl
es:
                 CIO_
TEST=<not set>
    CONDA_ALLOW_SOFTL
INKS=false
        CONDA_DEFAULT
_ENV=base
                CONDA
_EXE=C:\Users\qingz\a
naconda3\Scripts\cond
a.exe
             CONDA_PR
EFIX=C:\Users\qingz\a
naconda3
    CONDA_PROMPT_MODI
FIER=(base)
         CONDA_PYTHON
_EXE=C:\Users\qingz\a
naconda3\python.exe
               CONDA_
ROOT=C:\Users\qingz\a
naconda3
              CONDA_S
HLVL=1
           CURL_CA_BU
NDLE=<not set>
                 HOME
PATH=\Users\qingz
               LD_PRE
LOAD=<not set>
                     
PATH=C:\Users\qingz\a
naconda3;C:\Users\qin
gz\anaconda3\Library\
mingw-
                     
     w64\bin;C:\Users
\qingz\anaconda3\Libr
ary\usr\bin;C:\Users\
qingz\anacon
                     
     da3\Library\bin;
C:\Users\qingz\anacon
da3\Scripts;C:\Users\
qingz\anacon
                     
     da3\bin;C:\Users
\qingz\anaconda3\cond
abin;C:\Program Files
\Zulu\zulu-
                     
     21\bin;D:\win\bi
n;C:\WINDOWS\system32
;C:\WINDOWS;C:\WINDOW
S\System32\W
                     
     bem;C:\WINDOWS\S
ystem32\WindowsPowerS
hell\v1.0;C:\WINDOWS\
System32\Ope
                     
     nSSH;C:\Program 
Files\dotnet;E:\mingw
64\bin;C:\Program Fil
es
                     
     (x86)\Windows Ki
ts\10\Windows Perform
ance Toolkit;C:\Qt\5.
15.2\mingw81
                     
     _64\bin;C:\Qt\To
ols\mingw810_64\bin;C
:\Qt\5.15.2\msvc2019_
64\bin;C:\Qt
                     
     \Tools\sdktool\b
in;C:\Program Files\G
it\cmd;C:\Program Fil
es\Git\bin;C
                     
     :\Qt1\6.2.4\ming
w_64\bin;C:\Qt1\Tools
\mingw1120_64\bin;C:\
Program
                     
     Files\doxygen\bi
n;C:\Program Files\Gr
aphviz\bin;C:\Program
                     
     Files\nodejs;C:\
Program Files\Zulu\zu
lu-21\bin;C:\Program
                     
     Files\Zulu\zulu-
21\jre\bin;D:\pyenv\p
yenv-win\pyenv-
                     
     win\bin;D:\pyenv
\pyenv-win\pyenv-win\
shims;C:\Program File
s\CMake\bin;
                     
     D:\cocos2d-x-4.0
\tools\cocos2d-
                     
     console\bin;C:\P
ython314;C:\Python314
\Scripts;C:\Program F
iles\Docker\
                     
     Docker\resources
\bin;C:\Users\qingz\D
esktop\cftools\cf_v1.
0.0_windows_
                     
     64\cf_v1.0.0_win
dows_64;C:\Users\qing
z\anaconda3;C:\Users\
qingz\anacon
                     
     da3\Scripts;C:\U
sers\qingz\anaconda3\
Library\bin;C:\Users\
qingz\Downlo
                     
     ads\ffmpeg-8.0-e
ssentials_build\ffmpe
g-8.0-
                     
     essentials_build
\bin;C:\Users\qingz\A
ppData\Local\Programs
\Python\Pyth
                     
     on39\Scripts;C:\
Users\qingz\AppData\L
ocal\Programs\Python\
Python39;C:\
                     
     Users\qingz\AppD
ata\Local\Programs\Py
thon\Python314\Script
s;C:\Users\q
                     
     ingz\AppData\Loc
al\Programs\Python\Py
thon314;c:\Users\qing
z\AppData\Lo
                     
     cal\Programs\Tra
e\bin;C:\Users\qingz\
AppData\Local\Microso
ft\WindowsAp
                     
     ps;C:\Users\qing
z\AppData\Local\Progr
ams\Microsoft VS Code
\bin;C:\User
                     
     s\qingz\AppData\
Local\Programs\cursor
\resources\app\bin;D:
\texlive\202
                     
     5\bin\windows;C:
\Users\qingz\AppData\
Roaming\npm;C:\Python
314\Scripts;
                     
     C:\Python314;C:\
Users\qingz\AppData\L
ocal\Programs\Qoder\b
in;C:\Users\
                     
     qingz\AppData\Lo
cal\Programs\Antigrav
ity\bin
             PSMODULE
PATH=C:\Users\qingz\D
ocuments\WindowsPower
Shell\Modules;C:\Prog
ram Files\Wi
                     
     ndowsPowerShell\
Modules;C:\WINDOWS\sy
stem32\WindowsPowerSh
ell\v1.0\Mod
                     
     ules
            PYTHONSTA
RTUP=c:\Users\qingz\A
ppData\Roaming\Antigr
avity\User\workspaceS
torage\92210
                     
     b642211f4e293b70
2db26e87903\ms-python
.python\pythonrc.py
        PYTHON_BASIC_
REPL=1
       REQUESTS_CA_BU
NDLE=<not set>
            SSL_CERT_
FILE=C:\Users\qingz\a
naconda3\Library\ssl\
cacert.pem

     active environme
nt : base
    active env locati
on : C:\Users\qingz\a
naconda3
            shell lev
el : 1
       user config fi
le : C:\Users\qingz\.
condarc
 populated config fil
es : C:\Users\qingz\a
naconda3\.condarc
                     
     C:\Users\qingz\.
condarc
          conda versi
on : 25.5.1
    conda-build versi
on : 25.5.0
         python versi
on : 3.13.5.final.0
                 solv
er : libmamba (defaul
t)
       virtual packag
es : __archspec=1=x86
_64_v4
                     
     __conda=25.5.1=0
                     
     __cuda=12.5=0
                     
     __win=10.0.26100
=0
       base environme
nt : C:\Users\qingz\a
naconda3  (writable)
      conda av data d
ir : C:\Users\qingz\a
naconda3\etc\conda
  conda av metadata u
rl : None
           channel UR
Ls : https://repo.ana
conda.com/pkgs/main/w
in-64
                     
     https://repo.ana
conda.com/pkgs/main/n
oarch
                     
     https://repo.ana
conda.com/pkgs/r/win-
64
                     
     https://repo.ana
conda.com/pkgs/r/noar
ch
                     
     https://repo.ana
conda.com/pkgs/msys2/
win-64
                     
     https://repo.ana
conda.com/pkgs/msys2/
noarch
          package cac
he : C:\Users\qingz\a
naconda3\pkgs
                     
     C:\Users\qingz\.
conda\pkgs
                     
     C:\Users\qingz\A
ppData\Local\conda\co
nda\pkgs
       envs directori
es : C:\Users\qingz\a
naconda3\envs
                     
     C:\Users\qingz\.
conda\envs
                     
     C:\Users\qingz\A
ppData\Local\conda\co
nda\envs
               platfo
rm : win-64
             user-age
nt : conda/25.5.1 req
uests/2.32.3 CPython/
3.13.5 Windows/11 Win
dows/10.0.26100 solve
r/libmamba conda-libm
amba-solver/25.4.0 li
bmambapy/2.0.5
          administrat
or : False
             netrc fi
le : None
           offline mo
de : False


An unexpected error h
as occurred. Conda ha
s prepared the above 
report.
If you suspect this e
rror is being caused 
by a malfunctioning p
lugin,
consider using the --
no-plugins option to 
turn off plugins.

Example: conda --no-p
lugins install <packa
ge>

Alternatively, you ca
n set the CONDA_NO_PL
UGINS environment var
iable on
the command line to r
un the command withou
t plugins enabled.

Example: CONDA_NO_PLU
GINS=true conda insta
ll <package>

If submitted, this report will be used by core maintainers to improve
future releases of conda.
